<html>
<body>
<pre>
<h1>µVision Build Log</h1>
<h2>Project:</h2>
C:\Users\JUMA3650\Documents\JUMA_\juma-embedded-sdk\examples\blink\arm\Template.uvproj
Project File Date:  <unknown>

<h2>Output:</h2>
Build target 'Release'
compiling user.c...
linking...
Program Size: Code=416 RO-data=28 RW-data=4 ZI-data=0  
FromELF: creating hex file...
".\Build\Template.axf" - 0 Error(s), 0 Warning(s).
Load "C:\\Users\\JUMA3650\\Documents\\JUMA_\\juma-embedded-sdk\\examples\\blink\\arm\\Build\\Template.axf" 
Set JLink Project File to "C:\Users\JUMA3650\Documents\JUMA_\juma-embedded-sdk\examples\blink\arm\JLinkSettings.ini"
* JLink Info: Device "NRF51822_XXAA" selected (257 KB flash, 16 KB RAM).
 
JLink info:
------------
DLL: V4.86a, compiled Jun 11 2014 17:22:49
Firmware: J-Link ARM-OB STM32 compiled Aug 22 2012 19:52:04
Hardware: V7.00
S/N : 20090928 
Feature(s) : RDI,FlashDL,FlashBP,JFlash,GDBFull 
 
* JLink Info: Found SWD-DP with ID 0x0BB11477
* JLink Info: Found Cortex-M0 r0p0, Little endian.
* JLink Info: FPUnit: 4 code (BP) slots and 0 literal slots
ROMTableAddr = 0xE00FF003
 
Target info:
------------
Device: nRF51822_xxAA
VTarget = 3.300V
State of Pins: 
TCK: 0, TDI: 0, TDO: 1, TMS: 0, TRES: 1, TRST: 1
Hardware-Breakpoints: 4
Software-Breakpoints: 8192
Watchpoints:          2
JTAG speed: 2000 kHz
 
Erase Done.
Programming Done.
Verify OK.
Application running ...
</pre>
</body>
</html>
